// Jest Snapshot v1, https://goo.gl/fbAQLP

exports[`ProductTitle Debe de mostrar el componente con el nombre del product 1`] = `
<div
  className="productCard "
>
  <span
    className="productDescription undefined"
  >
    Coffee Mug - Sin Imagen
  </span>
</div>
`;

exports[`ProductTitle Debe de mostrar el componente correctamente con el t√≠tulo personalizado 1`] = `
<span
  className="productDescription custom-title"
>
  Custom Product
</span>
`;
